Step by Step GitHub
1- You have to install Git
	learning@learning:~$ sudo apt-get install git
2-Create an account on github.com and login with your a/c
3-Set GIT userid and email to your system.
	learning@learning:~$ git config --global user.name "Your Userid"
	learning@learning:~$ git config --global user.email "Your Email"
4- Now go to your GitHub account and create repository for public, I have created with the name "myworkspace"
5-create and directory on your local machine for git with same same as GitHub directory 
	learning@learning:~$ mkdir myworkspace
6- now follow below commands for complete the installation with demo file

*Goto new local workspace 
	learning@learning:~$ cd myworkspace/
*create README.md file
	learning@learning:~/Gitworkspace$ echo "# Workingspace" >> README.md
*initialise the git
	learning@learning:~/Gitworkspace$ git init
*file add to git
	learning@learning:~/Gitworkspace$ git add README.md
*commit the file and save the changes
	learning@learning:~/Gitworkspace$ git commit -m "first commit"
*Add the file to the remote location
	learning@learning:~/Gitworkspace$ git remote add origin https://github.com/selfnotes/Workingspace.git
7-Check the status of files
	learning@learning:~/Gitworkspace$ git status
8-Again add txt file to the index
	learning@learning:~/Gitworkspace$ git add ubantu.txt	
	learning@learning:~/Gitworkspace$ git status
9-commit the file
	learning@learning:~/Gitworkspace$ git commit -m "changes commit"
[master abefe1f] changes commit
 1 file changed, 56 insertions(+)
 create mode 100644 ubantu.txt
10-added all file in onego




-------------------------------------------------------
------------Add new file-------------------------------
learning@learning:~/Gitworkspace$ git add ubantu
learning@learning:~/Gitworkspace$ git commit ubantu -m "git installation on ubantu"
[master 9a0c61a] git installation on ubantu
 1 file changed, 30 insertions(+)
 create mode 100644 ubantu
learning@learning:~/Gitworkspace$ git remote add origin https://github.com/selfnotes/Workingspace.git
fatal: remote origin already exists.
learning@learning:~/Gitworkspace$ git push -u origin master
Username for 'https://github.com': selfnotes
Password for 'https://selfnotes@github.com': 
Counting objects: 3, done.
Delta compression using up to 2 threads.
Compressing objects: 100% (3/3), done.
Writing objects: 100% (3/3), 817 bytes | 408.00 KiB/s, done.
Total 3 (delta 0), reused 0 (delta 0)
To https://github.com/selfnotes/Workingspace.git
   1edf131..9a0c61a  master -> master
Branch 'master' set up to track remote branch 'master' from 'origin'.









